../../ad9361_adc.test/scripts/AD9361_BIST_PRBS.ml605.golden