../../ad9361_adc_test/scripts/AD9361_BIST_PRBS.lvds.delays_2_0_7_0.use_xo.golden